[    0.000000] Linux version 4.15.0-200-generic (buildd@lcy02-amd64-069) (gcc version 7.5.0 (Ubuntu 7.5.0-3ubuntu1~18.04)) #211-Ubuntu SMP Thu Nov 24 18:16:04 UTC 2022 (Ubuntu 4.15.0-200.211-generic 4.15.18)
[    0.000000] Command line: BOOT_IMAGE=/boot/vmlinuz-4.15.0-200-generic root=LABEL=cloudimg-rootfs ro console=tty1 console=ttyS0
[    0.000000] KERNEL supported cpus:
[    0.000000]   Intel GenuineIntel
[    0.000000]   AMD AuthenticAMD
[    0.000000]   Centaur CentaurHauls
[    0.000000] x86/fpu: Supporting XSAVE feature 0x001: 'x87 floating point registers'
[    0.000000] x86/fpu: Supporting XSAVE feature 0x002: 'SSE registers'
[    0.000000] x86/fpu: Supporting XSAVE feature 0x004: 'AVX registers'
[    0.000000] x86/fpu: xstate_offset[2]:  576, xstate_sizes[2]:  256
[    0.000000] x86/fpu: Enabled xstate features 0x7, context size is 832 bytes, using 'standard' format.
[    0.000000] e820: BIOS-provided physical RAM map:
[    0.000000] BIOS-e820: [mem 0x0000000000000000-0x000000000009fbff] usable
[    0.000000] BIOS-e820: [mem 0x000000000009fc00-0x000000000009ffff] reserved
[    0.000000] BIOS-e820: [mem 0x00000000000f0000-0x00000000000fffff] reserved
[    0.000000] BIOS-e820: [mem 0x0000000000100000-0x000000003ffeffff] usable
[    0.000000] BIOS-e820: [mem 0x000000003fff0000-0x000000003fffffff] ACPI data
[    0.000000] BIOS-e820: [mem 0x00000000fec00000-0x00000000fec00fff] reserved
[    0.000000] BIOS-e820: [mem 0x00000000fee00000-0x00000000fee00fff] reserved
[    0.000000] BIOS-e820: [mem 0x00000000fffc0000-0x00000000ffffffff] reserved
[    0.000000] NX (Execute Disable) protection: active
[    0.000000] SMBIOS 2.5 present.
[    0.000000] DMI: innotek GmbH VirtualBox/VirtualBox, BIOS VirtualBox 12/01/2006
[    0.000000] Hypervisor detected: KVM
[    0.000000] e820: last_pfn = 0x3fff0 max_arch_pfn = 0x400000000
[    0.000000] MTRR: Disabled
[    0.000000] x86/PAT: MTRRs disabled, skipping PAT initialization too.
[    0.000000] CPU MTRRs all blank - virtualized system.
[    0.000000] x86/PAT: Configuration [0-7]: WB  WT  UC- UC  WB  WT  UC- UC  
[    0.000000] found SMP MP-table at [mem 0x0009fff0-0x0009ffff]
[    0.000000] Scanning 1 areas for low memory corruption
[    0.000000] RAMDISK: [mem 0x359c9000-0x36cdbfff]
[    0.000000] ACPI: Early table checksum verification disabled
[    0.000000] ACPI: RSDP 0x00000000000E0000 000024 (v02 VBOX  )
[    0.000000] ACPI: XSDT 0x000000003FFF0030 00003C (v01 VBOX   VBOXXSDT 00000001 ASL  00000061)
[    0.000000] ACPI: FACP 0x000000003FFF00F0 0000F4 (v04 VBOX   VBOXFACP 00000001 ASL  00000061)
[    0.000000] ACPI: DSDT 0x000000003FFF0610 002353 (v02 VBOX   VBOXBIOS 00000002 INTL 20200528)
[    0.000000] ACPI: FACS 0x000000003FFF0200 000040
[    0.000000] ACPI: FACS 0x000000003FFF0200 000040
[    0.000000] ACPI: APIC 0x000000003FFF0240 00005C (v02 VBOX   VBOXAPIC 00000001 ASL  00000061)
[    0.000000] ACPI: SSDT 0x000000003FFF02A0 00036C (v01 VBOX   VBOXCPUT 00000002 INTL 20200528)
[    0.000000] ACPI: Reserving FACP table memory at [mem 0x3fff00f0-0x3fff01e3]
[    0.000000] ACPI: Reserving DSDT table memory at [mem 0x3fff0610-0x3fff2962]
[    0.000000] ACPI: Reserving FACS table memory at [mem 0x3fff0200-0x3fff023f]
[    0.000000] ACPI: Reserving FACS table memory at [mem 0x3fff0200-0x3fff023f]
[    0.000000] ACPI: Reserving APIC table memory at [mem 0x3fff0240-0x3fff029b]
[    0.000000] ACPI: Reserving SSDT table memory at [mem 0x3fff02a0-0x3fff060b]
[    0.000000] No NUMA configuration found
[    0.000000] Faking a node at [mem 0x0000000000000000-0x000000003ffeffff]
[    0.000000] NODE_DATA(0) allocated [mem 0x3ffc5000-0x3ffeffff]
[    0.000000] kvm-clock: cpu 0, msr 0:3ff44001, primary cpu clock
[    0.000000] kvm-clock: Using msrs 4b564d01 and 4b564d00
[    0.000000] kvm-clock: using sched offset of 6210758862 cycles
[    0.000000] clocksource: kvm-clock: mask: 0xffffffffffffffff max_cycles: 0x1cd42e4dffb, max_idle_ns: 881590591483 ns
[    0.000000] Zone ranges:
[    0.000000]   DMA      [mem 0x0000000000001000-0x0000000000ffffff]
[    0.000000]   DMA32    [mem 0x0000000001000000-0x000000003ffeffff]
[    0.000000]   Normal   empty
[    0.000000]   Device   empty
[    0.000000] Movable zone start for each node
[    0.000000] Early memory node ranges
[    0.000000]   node   0: [mem 0x0000000000001000-0x000000000009efff]
[    0.000000]   node   0: [mem 0x0000000000100000-0x000000003ffeffff]
[    0.000000] Reserved but unavailable: 104 pages
[    0.000000] Initmem setup node 0 [mem 0x0000000000001000-0x000000003ffeffff]
[    0.000000] ACPI: PM-Timer IO Port: 0x4008
[    0.000000] IOAPIC[0]: apic_id 2, version 32, address 0xfec00000, GSI 0-23
[    0.000000] ACPI: INT_SRC_OVR (bus 0 bus_irq 0 global_irq 2 dfl dfl)
[    0.000000] ACPI: INT_SRC_OVR (bus 0 bus_irq 9 global_irq 9 low level)
[    0.000000] Using ACPI (MADT) for SMP configuration information
[    0.000000] smpboot: Allowing 2 CPUs, 0 hotplug CPUs
[    0.000000] PM: Registered nosave memory: [mem 0x00000000-0x00000fff]
[    0.000000] PM: Registered nosave memory: [mem 0x0009f000-0x0009ffff]
[    0.000000] PM: Registered nosave memory: [mem 0x000a0000-0x000effff]
[    0.000000] PM: Registered nosave memory: [mem 0x000f0000-0x000fffff]
[    0.000000] e820: [mem 0x40000000-0xfebfffff] available for PCI devices
[    0.000000] Booting paravirtualized kernel on KVM
[    0.000000] clocksource: refined-jiffies: mask: 0xffffffff max_cycles: 0xffffffff, max_idle_ns: 7645519600211568 ns
[    0.000000] setup_percpu: NR_CPUS:8192 nr_cpumask_bits:2 nr_cpu_ids:2 nr_node_ids:1
[    0.000000] percpu: Embedded 50 pages/cpu s167936 r8192 d28672 u1048576
[    0.000000] PV qspinlock hash table entries: 256 (order: 0, 4096 bytes)
[    0.000000] Built 1 zonelists, mobility grouping on.  Total pages: 257913
[    0.000000] Policy zone: DMA32
[    0.000000] Kernel command line: BOOT_IMAGE=/boot/vmlinuz-4.15.0-200-generic root=LABEL=cloudimg-rootfs ro console=tty1 console=ttyS0
[    0.000000] Memory: 982648K/1048120K available (12300K kernel code, 2477K rwdata, 4320K rodata, 2472K init, 2720K bss, 65472K reserved, 0K cma-reserved)
[    0.000000] SLUB: HWalign=64, Order=0-3, MinObjects=0, CPUs=2, Nodes=1
[    0.000000] Kernel/User page tables isolation: enabled
[    0.000000] ftrace: allocating 39478 entries in 155 pages
[    0.004000] Hierarchical RCU implementation.
[    0.004000] 	RCU restricting CPUs from NR_CPUS=8192 to nr_cpu_ids=2.
[    0.004000] 	Tasks RCU enabled.
[    0.004000] RCU: Adjusting geometry for rcu_fanout_leaf=16, nr_cpu_ids=2
[    0.004000] NR_IRQS: 524544, nr_irqs: 440, preallocated irqs: 16
[    0.004000] random: crng init done
[    0.004000] Console: colour VGA+ 80x25
[    0.004000] console [tty1] enabled
[    0.004000] console [ttyS0] enabled
[    0.004000] ACPI: Core revision 20170831
[    0.004000] ACPI: 2 ACPI AML tables successfully acquired and loaded
[    0.004000] APIC: Switch to symmetric I/O mode setup
[    0.006564] x2apic enabled
[    0.008026] Switched APIC routing to physical x2apic.
[    0.016000] ..TIMER: vector=0x30 apic1=0 pin1=2 apic2=-1 pin2=-1
[    0.016007] tsc: Detected 1615.892 MHz processor
[    0.020014] Calibrating delay loop (skipped) preset value.. 3231.78 BogoMIPS (lpj=6463568)
[    0.024008] pid_max: default: 32768 minimum: 301
[    0.028076] Security Framework initialized
[    0.032008] Yama: becoming mindful.
[    0.036085] AppArmor: AppArmor initialized
[    0.045518] Dentry cache hash table entries: 131072 (order: 8, 1048576 bytes)
[    0.053750] Inode-cache hash table entries: 65536 (order: 7, 524288 bytes)
[    0.056079] Mount-cache hash table entries: 2048 (order: 2, 16384 bytes)
[    0.060060] Mountpoint-cache hash table entries: 2048 (order: 2, 16384 bytes)
[    0.068890] Last level iTLB entries: 4KB 64, 2MB 8, 4MB 8
[    0.072010] Last level dTLB entries: 4KB 64, 2MB 0, 4MB 0, 1GB 4
[    0.076030] Spectre V1 : Mitigation: usercopy/swapgs barriers and __user pointer sanitization
[    0.080009] Spectre V2 : Mitigation: Retpolines
[    0.084008] Spectre V2 : Spectre v2 / SpectreRSB mitigation: Filling RSB on context switch
[    0.088083] Speculative Store Bypass: Vulnerable
[    0.092355] MDS: Mitigation: Clear CPU buffers
[    0.096007] MMIO Stale Data: Mitigation: Clear CPU buffers
[    0.100031] SRBDS: Unknown: Dependent on hypervisor status
[    0.104390] Freeing SMP alternatives memory: 36K
[    0.222421] smpboot: CPU0: Intel(R) Core(TM) i5-8210Y CPU @ 1.60GHz (family: 0x6, model: 0x8e, stepping: 0x9)
[    0.225234] Performance Events: unsupported p6 CPU model 142 no PMU driver, software events only.
[    0.228185] Hierarchical SRCU implementation.
[    0.240167] NMI watchdog: Perf event create on CPU 0 failed with -2
[    0.244007] NMI watchdog: Perf NMI watchdog permanently disabled
[    0.252297] smp: Bringing up secondary CPUs ...
[    0.257341] x86: Booting SMP configuration:
[    0.260010] .... node  #0, CPUs:      #1
[    0.004000] kvm-clock: cpu 1, msr 0:3ff44041, secondary cpu clock
[    0.296078] smp: Brought up 1 node, 2 CPUs
[    0.300013] smpboot: Max logical packages: 1
[    0.304010] smpboot: Total of 2 processors activated (6463.56 BogoMIPS)
[    0.308353] devtmpfs: initialized
[    0.312133] x86/mm: Memory block size: 128MB
[    0.316363] evm: security.selinux
[    0.320013] evm: security.SMACK64
[    0.328008] evm: security.SMACK64EXEC
[    0.332007] evm: security.SMACK64TRANSMUTE
[    0.336007] evm: security.SMACK64MMAP
[    0.340007] evm: security.apparmor
[    0.344010] evm: security.ima
[    0.348007] evm: security.capability
[    0.356100] clocksource: jiffies: mask: 0xffffffff max_cycles: 0xffffffff, max_idle_ns: 7645041785100000 ns
[    0.372027] futex hash table entries: 512 (order: 3, 32768 bytes)
[    0.380207] pinctrl core: initialized pinctrl subsystem
[    0.388452] RTC time: 17:51:13, date: 12/26/22
[    0.400287] NET: Registered protocol family 16
[    0.428288] audit: initializing netlink subsys (disabled)
[    0.464051] audit: type=2000 audit(1672077077.580:1): state=initialized audit_enabled=0 res=1
[    0.468103] cpuidle: using governor ladder
[    0.476024] cpuidle: using governor menu
[    0.540064] ACPI: bus type PCI registered
[    0.568011] acpiphp: ACPI Hot Plug PCI Controller Driver version: 0.5
[    0.592550] PCI: Using configuration type 1 for base access
[    0.648148] HugeTLB registered 2.00 MiB page size, pre-allocated 0 pages
[    0.696206] ACPI: Added _OSI(Module Device)
[    0.752014] ACPI: Added _OSI(Processor Device)
[    0.832011] ACPI: Added _OSI(3.0 _SCP Extensions)
[    0.836013] ACPI: Added _OSI(Processor Aggregator Device)
[    0.880020] ACPI: Added _OSI(Linux-Dell-Video)
[    0.932016] ACPI: Added _OSI(Linux-Lenovo-NV-HDMI-Audio)
[    0.944018] ACPI: Added _OSI(Linux-HPI-Hybrid-Graphics)
[    0.956280] ACPI: Executed 1 blocks of module-level executable AML code
[    1.068821] ACPI: Interpreter enabled
[    1.148034] ACPI: (supports S0 S5)
[    1.236013] ACPI: Using IOAPIC for interrupt routing
[    1.280087] PCI: Using host bridge windows from ACPI; if necessary, use "pci=nocrs" and report a bug
[    1.352328] ACPI: Enabled 2 GPEs in block 00 to 07
[    1.400030] ACPI: PCI Root Bridge [PCI0] (domain 0000 [bus 00-ff])
[    1.412017] acpi PNP0A03:00: _OSC: OS supports [ASPM ClockPM Segments MSI]
[    1.433016] acpi PNP0A03:00: _OSC: not requesting OS control; OS requires [ExtendedConfig ASPM ClockPM MSI]
[    1.456034] acpi PNP0A03:00: fail to add MMCONFIG information, can't access extended PCI configuration space under this bridge.
[    1.492457] PCI host bridge to bus 0000:00
[    1.496013] pci_bus 0000:00: root bus resource [io  0x0000-0x0cf7 window]
[    1.584013] pci_bus 0000:00: root bus resource [io  0x0d00-0xffff window]
[    1.636018] pci_bus 0000:00: root bus resource [mem 0x000a0000-0x000bffff window]
[    1.756013] pci_bus 0000:00: root bus resource [mem 0x40000000-0xfdffffff window]
[    1.792013] pci_bus 0000:00: root bus resource [bus 00-ff]
[    1.900606] pci 0000:00:01.1: legacy IDE quirk: reg 0x10: [io  0x01f0-0x01f7]
[    1.988014] pci 0000:00:01.1: legacy IDE quirk: reg 0x14: [io  0x03f6]
[    2.080019] pci 0000:00:01.1: legacy IDE quirk: reg 0x18: [io  0x0170-0x0177]
[    2.096010] pci 0000:00:01.1: legacy IDE quirk: reg 0x1c: [io  0x0376]
[    2.308446] pci 0000:00:07.0: quirk: [io  0x4000-0x403f] claimed by PIIX4 ACPI
[    2.336060] pci 0000:00:07.0: quirk: [io  0x4100-0x410f] claimed by PIIX4 SMB
[    2.420050] ACPI: PCI Interrupt Link [LNKA] (IRQs 5 9 10 *11)
[    2.449139] ACPI: PCI Interrupt Link [LNKB] (IRQs 5 9 *10 11)
[    2.528752] ACPI: PCI Interrupt Link [LNKC] (IRQs 5 *9 10 11)
[    2.572351] ACPI: PCI Interrupt Link [LNKD] (IRQs 5 9 10 *11)
[    2.644675] SCSI subsystem initialized
[    2.656293] pci 0000:00:02.0: vgaarb: setting as boot VGA device
[    2.660000] pci 0000:00:02.0: vgaarb: VGA device added: decodes=io+mem,owns=io+mem,locks=none
[    2.816022] pci 0000:00:02.0: vgaarb: bridge control possible
[    2.836007] vgaarb: loaded
[    2.856210] ACPI: bus type USB registered
[    2.860000] usbcore: registered new interface driver usbfs
[    2.860035] usbcore: registered new interface driver hub
[    2.864031] usbcore: registered new device driver usb
[    2.868175] EDAC MC: Ver: 3.0.0
[    2.884161] PCI: Using ACPI for IRQ routing
[    2.893134] NetLabel: Initializing
[    2.896006] NetLabel:  domain hash size = 128
[    2.900003] NetLabel:  protocols = UNLABELED CIPSOv4 CALIPSO
[    2.904033] NetLabel:  unlabeled traffic allowed by default
[    2.908165] clocksource: Switched to clocksource kvm-clock
[    3.151787] VFS: Disk quotas dquot_6.6.0
[    3.162271] VFS: Dquot-cache hash table entries: 512 (order 0, 4096 bytes)
[    3.171376] AppArmor: AppArmor Filesystem Enabled
[    3.196833] pnp: PnP ACPI init
[    3.239398] pnp: PnP ACPI: found 3 devices
[    3.387721] clocksource: acpi_pm: mask: 0xffffff max_cycles: 0xffffff, max_idle_ns: 2085701024 ns
[    3.438863] NET: Registered protocol family 2
[    3.453827] IP idents hash table entries: 16384 (order: 5, 131072 bytes)
[    3.474295] TCP established hash table entries: 8192 (order: 4, 65536 bytes)
[    3.485269] TCP bind hash table entries: 8192 (order: 5, 131072 bytes)
[    3.504814] TCP: Hash tables configured (established 8192 bind 8192)
[    3.534681] UDP hash table entries: 512 (order: 2, 16384 bytes)
[    3.547170] UDP-Lite hash table entries: 512 (order: 2, 16384 bytes)
[    3.585360] NET: Registered protocol family 1
[    3.595375] pci 0000:00:00.0: Limiting direct PCI/PCI transfers
[    3.635064] pci 0000:00:01.0: Activating ISA DMA hang workarounds
[    3.649104] pci 0000:00:02.0: Video device with shadowed ROM at [mem 0x000c0000-0x000dffff]
[    3.691291] Unpacking initramfs...
[    5.543599] Freeing initrd memory: 19532K
[    5.576086] clocksource: tsc: mask: 0xffffffffffffffff max_cycles: 0x174ac9a7c35, max_idle_ns: 440795265729 ns
[    5.590637] platform rtc_cmos: registered platform RTC device (no PNP device found)
[    5.628625] Scanning for low memory corruption every 60 seconds
[    5.639707] Initialise system trusted keyrings
[    5.676664] Key type blacklist registered
[    5.688351] workingset: timestamp_bits=36 max_order=18 bucket_order=0
[    5.731144] zbud: loaded
[    5.740558] squashfs: version 4.0 (2009/01/31) Phillip Lougher
[    5.780231] fuse init (API version 7.26)
[    5.838303] Key type asymmetric registered
[    5.872260] Asymmetric key parser 'x509' registered
[    5.883110] Block layer SCSI generic (bsg) driver version 0.4 loaded (major 246)
[    5.919292] io scheduler noop registered
[    5.928541] io scheduler deadline registered
[    5.939327] io scheduler cfq registered (default)
[    5.981308] ACPI: AC Adapter [AC] (on-line)
[    5.984062] input: Power Button as /devices/LNXSYSTM:00/LNXPWRBN:00/input/input0
[    6.090054] ACPI: Power Button [PWRF]
[    6.123437] input: Sleep Button as /devices/LNXSYSTM:00/LNXSLPBN:00/input/input1
[    6.143004] ACPI: Sleep Button [SLPF]
[    6.184182] ACPI: Battery Slot [BAT0] (battery present)
[    6.199955] Serial: 8250/16550 driver, 32 ports, IRQ sharing enabled
[    6.273530] 00:02: ttyS0 at I/O 0x3f8 (irq = 4, base_baud = 115200) is a 16550A
[    6.315420] Linux agpgart interface v0.103
[    6.343444] loop: module loaded
[    6.379140] scsi host0: ata_piix
[    6.390868] scsi host1: ata_piix
[    6.407649] ata1: PATA max UDMA/33 cmd 0x1f0 ctl 0x3f6 bmdma 0xd000 irq 14
[    6.441507] ata2: PATA max UDMA/33 cmd 0x170 ctl 0x376 bmdma 0xd008 irq 15
[    6.488496] tun: Universal TUN/TAP device driver, 1.6
[    6.524565] PPP generic driver version 2.4.2
[    6.539390] ehci_hcd: USB 2.0 'Enhanced' Host Controller (EHCI) Driver
[    6.576318] ehci-pci: EHCI PCI platform driver
[    6.586942] ehci-platform: EHCI generic platform driver
[    6.625466] ohci_hcd: USB 1.1 'Open' Host Controller (OHCI) Driver
[    6.639435] ohci-pci: OHCI PCI platform driver
[    6.676533] ohci-platform: OHCI generic platform driver
[    6.791203] uhci_hcd: USB Universal Host Controller Interface driver
[    6.842500] i8042: PNP: PS/2 Controller [PNP0303:PS2K,PNP0f03:PS2M] at 0x60,0x64 irq 1,12
[    7.034907] serio: i8042 KBD port at 0x60,0x64 irq 1
[    7.095756] serio: i8042 AUX port at 0x60,0x64 irq 12
[    7.317489] mousedev: PS/2 mouse device common for all mice
[    7.369310] input: AT Translated Set 2 keyboard as /devices/platform/i8042/serio0/input/input2
[    7.372981] rtc_cmos rtc_cmos: rtc core: registered rtc_cmos as rtc0
[    7.572990] rtc_cmos rtc_cmos: alarms up to one day, 114 bytes nvram
[    7.629722] i2c /dev entries driver
[    7.647331] device-mapper: uevent: version 1.0.3
[    7.674868] device-mapper: ioctl: 4.37.0-ioctl (2017-09-20) initialised: dm-devel@redhat.com
[    7.738774] ledtrig-cpu: registered to indicate activity on CPUs
[    7.776821] NET: Registered protocol family 10
[    7.869019] Segment Routing with IPv6
[    7.880649] NET: Registered protocol family 17
[    7.922843] Key type dns_resolver registered
[    7.951125] mce: Using 0 MCE banks
[    7.966119] RAS: Correctable Errors collector initialized.
[    7.980850] sched_clock: Marking stable (7980764120, 0)->(12860781101, -4880016981)
[    8.034031] registered taskstats version 1
[    8.072665] Loading compiled-in X.509 certificates
[    8.132811] Loaded X.509 cert 'Build time autogenerated kernel key: 29e5beaa583364da097e68c9386761f80dbce7ef'
[    8.224476] Loaded X.509 cert 'Canonical Ltd. Live Patch Signing: 14df34d1a87cf37625abec039ef2bf521249b969'
[    8.310267] Loaded X.509 cert 'Canonical Ltd. Kernel Module Signing: 88f752e560a1e0737e31163a466ad7b70a850c19'
[    8.361039] blacklist: Loading compiled-in revocation X.509 certificates
[    8.379261] Loaded X.509 cert 'Canonical Ltd. Secure Boot Signing: 61482aa2830d0ab2ad5af10b7250da9033ddcef0'
[    8.429893] zswap: loaded using pool lzo/zbud
[    8.513044] Key type big_key registered
[    8.528377] Key type trusted registered
[    8.574476] Key type encrypted registered
[    8.610242] AppArmor: AppArmor sha1 policy hashing enabled
[    8.622648] ima: No TPM chip found, activating TPM-bypass! (rc=-19)
[    8.669114] ima: Allocated hash algorithm: sha1
[    8.708378] evm: HMAC attrs: 0x1
[    8.719837]   Magic number: 2:136:897
[    8.746618] rtc_cmos rtc_cmos: setting system clock to 2022-12-26 17:51:22 UTC (1672077082)
[    8.780291] BIOS EDD facility v0.16 2004-Jun-25, 0 devices found
[    8.824641] EDD information not available.
[    8.873708] Freeing unused kernel image memory: 2472K
[    8.924914] Write protecting the kernel read-only data: 20480k
[    9.021347] Freeing unused kernel image memory: 2008K
[    9.043687] Freeing unused kernel image memory: 1824K
[    9.099736] x86/mm: Checked W+X mappings: passed, no W+X pages found.
[    9.152172] x86/mm: Checking user space page tables
[    9.264273] x86/mm: Checked W+X mappings: passed, no W+X pages found.
Loading, please wait...
starting version 237
[    9.762284] e1000: Intel(R) PRO/1000 Network Driver - version 7.3.21-k8-NAPI
[    9.770808] e1000: Copyright (c) 1999-2006 Intel Corporation.
[    9.809782] Fusion MPT base driver 3.04.20
[    9.815420] Copyright (c) 1999-2008 LSI Corporation
[    9.905210] Fusion MPT SPI Host driver 3.04.20
[   10.165910] input: ImExPS/2 Generic Explorer Mouse as /devices/platform/i8042/serio1/input/input4
[   10.303155] AVX2 version of gcm_enc/dec engaged.
[   10.320869] AES CTR mode by8 optimization enabled
[   11.683964] e1000 0000:00:03.0 eth0: (PCI:33MHz:32-bit) 02:40:49:ac:f0:20
[   11.700179] e1000 0000:00:03.0 eth0: Intel(R) PRO/1000 Network Connection
[   12.788263] e1000 0000:00:08.0 eth1: (PCI:33MHz:32-bit) 08:00:27:0e:46:7f
[   12.805479] e1000 0000:00:08.0 eth1: Intel(R) PRO/1000 Network Connection
[   12.819442] e1000 0000:00:08.0 enp0s8: renamed from eth1
[   12.828382] mptbase: ioc0: Initiating bringup
[   13.073192] e1000 0000:00:03.0 enp0s3: renamed from eth0
[   13.211726] ioc0: LSI53C1030 A0: Capabilities={Initiator}
[   13.467225] scsi host2: ioc0: LSI53C1030 A0, FwRev=00000000h, Ports=1, MaxQ=256, IRQ=20
[   13.645840] scsi 2:0:0:0: Direct-Access     VBOX     HARDDISK         1.0  PQ: 0 ANSI: 5
[   13.696963] scsi target2:0:0: Beginning Domain Validation
[   13.715516] scsi target2:0:0: Domain Validation skipping write tests
[   13.722611] scsi target2:0:0: Ending Domain Validation
[   13.730318] scsi target2:0:0: asynchronous
[   13.738162] scsi 2:0:1:0: Direct-Access     VBOX     HARDDISK         1.0  PQ: 0 ANSI: 5
[   13.788815] scsi target2:0:1: Beginning Domain Validation
[   13.811269] scsi target2:0:1: Domain Validation skipping write tests
[   13.838917] scsi target2:0:1: Ending Domain Validation
[   13.851255] scsi target2:0:1: asynchronous
[   13.906313] sd 2:0:0:0: Attached scsi generic sg0 type 0
[   13.928475] sd 2:0:1:0: Attached scsi generic sg1 type 0
[   13.946263] sd 2:0:0:0: [sda] 83886080 512-byte logical blocks: (42.9 GB/40.0 GiB)
[   13.955663] sd 2:0:1:0: [sdb] 20480 512-byte logical blocks: (10.5 MB/10.0 MiB)
[   13.958729] sd 2:0:0:0: [sda] Write Protect is off
[   14.053939] sd 2:0:1:0: [sdb] Write Protect is off
[   14.208867] sd 2:0:1:0: [sdb] Incomplete mode parameter data
[   14.242863] sd 2:0:1:0: [sdb] Assuming drive cache: write through
[   14.259604] sd 2:0:0:0: [sda] Incomplete mode parameter data
[   14.265597] sd 2:0:1:0: [sdb] Attached SCSI disk
[   14.318597] sd 2:0:0:0: [sda] Assuming drive cache: write through
[   14.388209]  sda: sda1
[   14.396412] sd 2:0:0:0: [sda] Attached SCSI disk
Begin: Loading essential drivers ... [   18.428315] raid6: sse2x1   gen()  5560 MB/s
[   18.488407] raid6: sse2x1   xor()  2565 MB/s
[   18.553286] raid6: sse2x2   gen()  3928 MB/s
[   18.608794] raid6: sse2x2   xor()  3048 MB/s
[   18.664061] raid6: sse2x4   gen()  5295 MB/s
[   18.724885] raid6: sse2x4   xor()  3101 MB/s
[   18.785989] raid6: avx2x1   gen()  8430 MB/s
[   18.841021] raid6: avx2x1   xor()  8816 MB/s
[   18.896678] raid6: avx2x2   gen() 15626 MB/s
[   18.949450] raid6: avx2x2   xor()  4444 MB/s
[   19.009297] raid6: avx2x4   gen()  7716 MB/s
[   19.064122] raid6: avx2x4   xor()  5745 MB/s
[   19.076303] raid6: using algorithm avx2x2 gen() 15626 MB/s
[   19.092240] raid6: .... xor() 4444 MB/s, rmw enabled
[   19.115891] raid6: using avx2x2 recovery algorithm
[   19.132122] xor: automatically using best checksumming function   avx       
[   19.162672] async_tx: api initialized (async)
done.
Begin: Running /scripts/init-premount ... done.
Begin: Mounting root file system ... Begin: Running /scripts/local-top ... done.
Begin: Running /scripts/local-premount ... [   19.413858] Btrfs loaded, crc32c=crc32c-intel
Scanning for Btrfs filesystems
done.
Warning: fsck not present, so skipping root file system
[   19.579387] EXT4-fs (sda1): mounted filesystem with ordered data mode. Opts: (null)
done.
Begin: Running /scripts/local-bottom ... done.
Begin: Running /scripts/init-bottom ... done.
[   20.277820] ip_tables: (C) 2000-2006 Netfilter Core Team
[   20.321362] systemd[1]: systemd 237 running in system mode. (+PAM +AUDIT +SELINUX +IMA +APPARMOR +SMACK +SYSVINIT +UTMP +LIBCRYPTSETUP +GCRYPT +GNUTLS +ACL +XZ +LZ4 +SECCOMP +BLKID +ELFUTILS +KMOD -IDN2 +IDN -PCRE2 default-hierarchy=hybrid)
[   20.368232] systemd[1]: Detected virtualization oracle.
[   20.378797] systemd[1]: Detected architecture x86-64.

Welcome to [1mUbuntu 18.04.6 LTS[0m!

[   20.462405] systemd[1]: Set hostname to <ubuntu>.
[   20.497055] systemd[1]: Initializing machine ID from random generator.
[   20.512976] systemd[1]: Installed transient /etc/machine-id file.
[   21.343096] systemd[1]: Reached target System Time Synchronized.
[[0;32m  OK  [0m] Reached target System Time Synchronized.
[   21.362484] systemd[1]: Started Forward Password Requests to Wall Directory Watch.
[[0;32m  OK  [0m] Started Forward Password Requests to Wall Directory Watch.
[   21.400765] systemd[1]: Reached target User and Group Name Lookups.
[[0;32m  OK  [0m] Reached target User and Group Name Lookups.
[   21.422322] systemd[1]: Set up automount Arbitrary Executable File Formats File System Automount Point.
[[0;32m  OK  [0m] Set up automount Arbitrary Executabâ€¦rmats File System Automount Point.
[[0;32m  OK  [0m] Reached target Swap.
[[0;32m  OK  [0m] Created slice System Slice.
[[0;32m  OK  [0m] Listening on Journal Socket (/dev/log).
[[0;32m  OK  [0m] Listening on LVM2 metadata daemon socket.
[[0;32m  OK  [0m] Listening on LVM2 poll daemon socket.
[[0;32m  OK  [0m] Listening on /dev/initctl Compatibility Named Pipe.
[[0;32m  OK  [0m] Listening on udev Control Socket.
[[0;32m  OK  [0m] Listening on Journal Audit Socket.
[[0;32m  OK  [0m] Listening on fsck to fsckd communication Socket.
[[0;32m  OK  [0m] Listening on Network Service Netlink Socket.
[[0;32m  OK  [0m] Listening on udev Kernel Socket.
[[0;32m  OK  [0m] Listening on Journal Socket.
         Starting Set the console keyboard layout...
         Starting Uncomplicated firewall...
         Mounting POSIX Message Queue File System...
         Starting udev Coldplug all Devices...
         Starting Create list of required stâ€¦ce nodes for the current kernel...
         Starting File System Check on Root Device...
[[0;32m  OK  [0m] Created slice User and Session Slice.
[[0;32m  OK  [0m] Reached target Slices.
         Starting Load Kernel Modules...
         Mounting Kernel Debug File System...
         Mounting Huge Pages File System...
[[0;32m  OK  [0m] Listening on Device-mapper event daemon FIFOs.
         Starting Monitoring of LVM2 mirrorsâ€¦ng dmeventd or progress polling...
[[0;32m  OK  [0m] Created slice system-serial\x2dgetty.slice.
[[0;32m  OK  [0m] Listening on Syslog Socket.
         Starting Journal Service...
[   21.861166] Loading iSCSI transport class v2.0-870.
[[0;32m  OK  [0m] Started Uncomplicated firewall.
[[0;32m  OK  [0m] Mounted POSIX Message Queue File System.
[[0;32m  OK  [0m] Started Create list of required staâ€¦vice nodes for the current kernel.
[[0;32m  OK  [0m] Mounted Kernel Debug File System.
[[0;32m  OK  [0m] Mounted Huge Pages File System.
[[0;32m  OK  [0m] Started File System Check Daemon to report status.
         Starting Create Static Device Nodes in /dev...
[[0;32m  OK  [0m] Started LVM2 metadata daemon.
[   22.061033] iscsi: registered transport (tcp)
[[0;32m  OK  [0m] Started File System Check on Root Device.
         Starting Remount Root and Kernel File Systems...
[[0;32m  OK  [0m] Started udev Coldplug all Devices.
[[0;32m  OK  [0m] Started Create Static Device Nodes in /dev.
[   22.296278] EXT4-fs (sda1): re-mounted. Opts: (null)
[[0;32m  OK  [0m] Started Remount Root and Kernel File Systems.
         Starting Load/Save Random Seed...
         Starting udev Kernel Device Manager...
[[0;32m  OK  [0m] Started Journal Service.
         Starting Flush Journal to Persistent Storage...
[[0;32m  OK  [0m] Started Monitoring of LVM2 mirrors,â€¦sing dmeventd or progress polling.
[   22.488144] systemd-journald[417]: Received request to flush runtime journal from PID 1
[[0;32m  OK  [0m] Started Load/Save Random Seed.
[[0;32m  OK  [0m] Started udev Kernel Device Manager.
[   22.645309] iscsi: registered transport (iser)
[[0;32m  OK  [0m] Started Load Kernel Modules.
[[0;32m  OK  [0m] Started Flush Journal to Persistent Storage.
         Starting Apply Kernel Variables...
         Mounting FUSE Control File System...
         Mounting Kernel Configuration File System...
[[0;32m  OK  [0m] Mounted FUSE Control File System.
[[0;32m  OK  [0m] Mounted Kernel Configuration File System.
[[0;32m  OK  [0m] Started Apply Kernel Variables.
[[0;32m  OK  [0m] Found device /dev/ttyS0.
[[0;32m  OK  [0m] Listening on Load/Save RF Kill Switch Status /dev/rfkill Watch.
         Mounting Arbitrary Executable File Formats File System...
[[0;32m  OK  [0m] Mounted Arbitrary Executable File Formats File System.
[[0;32m  OK  [0m] Started Set the console keyboard layout.
[[0;32m  OK  [0m] Started Dispatch Password Requests to Console Directory Watch.
[[0;32m  OK  [0m] Reached target Local Encrypted Volumes.
[[0;32m  OK  [0m] Reached target Local File Systems (Pre).
[[0;32m  OK  [0m] Reached target Local File Systems.
         Starting ebtables ruleset management...
         Starting Commit a transient machine-id on disk...
         Starting Set console font and keymap...
         Starting Tell Plymouth To Write Out Runtime Data...
         Starting Create Volatile Files and Directories...
         Starting AppArmor initialization...
[[0;32m  OK  [0m] Started Tell Plymouth To Write Out Runtime Data.
[[0;32m  OK  [0m] Started Create Volatile Files and Directories.
         Starting Update UTMP about System Boot/Shutdown...
[[0;32m  OK  [0m] Started Update UTMP about System Boot/Shutdown.
[[0;32m  OK  [0m] Started Commit a transient machine-id on disk.
[[0;32m  OK  [0m] Started ebtables ruleset management.
[[0;32m  OK  [0m] Started AppArmor initialization.
         Starting Initial cloud-init job (pre-networking)...
         Starting Load AppArmor profiles managed internally by snapd...
[[0;32m  OK  [0m] Started Load AppArmor profiles managed internally by snapd.
[[0;32m  OK  [0m] Started Set console font and keymap.
[   35.442523] cloud-init[814]: Cloud-init v. 22.4.2-0ubuntu0~18.04.1 running 'init-local' at Mon, 26 Dec 2022 17:51:48 +0000. Up 34.43 seconds.
[[0;32m  OK  [0m] Started Initial cloud-init job (pre-networking).
[[0;32m  OK  [0m] Reached target Network (Pre).
         Starting Network Service...
[[0;32m  OK  [0m] Started Network Service.
         Starting Network Name Resolution...
         Starting Wait for Network to be Configured...
[[0;32m  OK  [0m] Started Network Name Resolution.
[[0;32m  OK  [0m] Reached target Network.
[[0;32m  OK  [0m] Reached target Host and Network Name Lookups.
[[0;32m  OK  [0m] Started Wait for Network to be Configured.
         Starting Initial cloud-init job (metadata service crawler)...
[   40.531574] cloud-init[958]: Cloud-init v. 22.4.2-0ubuntu0~18.04.1 running 'init' at Mon, 26 Dec 2022 17:51:53 +0000. Up 39.70 seconds.
[   40.551615] cloud-init[958]: ci-info: ++++++++++++++++++++++++++++++++++++++Net device info+++++++++++++++++++++++++++++++++++++++
[   40.567084] cloud-init[958]: ci-info: +--------+-------+----------------------------+---------------+--------+-------------------+
[   40.617949] cloud-init[958]: ci-info: | Device |   Up  |          Address           |      Mask     | Scope  |     Hw-Address    |
[   40.709911] cloud-init[958]: ci-info: +--------+-------+----------------------------+---------------+--------+-------------------+
[   40.750945] cloud-init[958]: ci-info: | enp0s3 |  True |         10.0.2.15          | 255.255.255.0 | global | 02:40:49:ac:f0:20 |
[   40.774323] cloud-init[958]: ci-info: | enp0s3 |  True | fe80::40:49ff:feac:f020/64 |       .       |  link  | 02:40:49:ac:f0:20 |
[   40.800123] cloud-init[958]: ci-info: | enp0s8 | False |             .              |       .       |   .    | 08:00:27:0e:46:7f |
[   40.833089] cloud-init[958]: ci-info: |   lo   |  True |         127.0.0.1          |   255.0.0.0   |  host  |         .         |
[   40.870541] cloud-init[958]: ci-info: |   lo   |  True |          ::1/128           |       .       |  host  |         .         |
[   40.912801] cloud-init[958]: ci-info: +--------+-------+----------------------------+---------------+--------+-------------------+
[   40.968133] cloud-init[958]: ci-info: ++++++++++++++++++++++++++++Route IPv4 info+++++++++++++++++++++++++++++
[   41.035995] cloud-init[958]: ci-info: +-------+-------------+----------+-----------------+-----------+-------+
[   41.116335] cloud-init[958]: ci-info: | Route | Destination | Gateway  |     Genmask     | Interface | Flags |
[   41.233774] cloud-init[958]: ci-info: +-------+-------------+----------+-----------------+-----------+-------+
[   41.243759] cloud-init[958]: ci-info: |   0   |   0.0.0.0   | 10.0.2.2 |     0.0.0.0     |   enp0s3  |   UG  |
[   41.377160] cloud-init[958]: ci-info: |   1   |   10.0.2.0  | 0.0.0.0  |  255.255.255.0  |   enp0s3  |   U   |
[   41.400232] cloud-init[958]: ci-info: |   2   |   10.0.2.2  | 0.0.0.0  | 255.255.255.255 |   enp0s3  |   UH  |
[   41.440799] cloud-init[958]: ci-info: +-------+-------------+----------+-----------------+-----------+-------+
[   41.450007] cloud-init[958]: ci-info: +++++++++++++++++++Route IPv6 info+++++++++++++++++++
[   41.455830] cloud-init[958]: ci-info: +-------+-------------+---------+-----------+-------+
[   41.503108] cloud-init[958]: ci-info: | Route | Destination | Gateway | Interface | Flags |
[   41.507153] cloud-init[958]: ci-info: +-------+-------------+---------+-----------+-------+
[   41.513578] cloud-init[958]: ci-info: |   1   |  fe80::/64  |    ::   |   enp0s3  |   U   |
[   41.566581] cloud-init[958]: ci-info: |   3   |    local    |    ::   |   enp0s3  |   U   |
[   41.591092] cloud-init[958]: ci-info: |   4   |   ff00::/8  |    ::   |   enp0s3  |   U   |
[   41.612380] cloud-init[958]: ci-info: +-------+-------------+---------+-----------+-------+
[   45.433531] cloud-init[958]: Generating public/private rsa key pair.
[   45.440179] cloud-init[958]: Your identification has been saved in /etc/ssh/ssh_host_rsa_key.
[   45.453801] cloud-init[958]: Your public key has been saved in /etc/ssh/ssh_host_rsa_key.pub.
[   45.476918] cloud-init[958]: The key fingerprint is:
[   45.483460] cloud-init[958]: SHA256:YvfctQnB30ftumcn5HvLEcXUJNbhRIeKNg2QU31R9sg root@ubuntu-bionic
[   45.492671] cloud-init[958]: The key's randomart image is:
[   45.498456] cloud-init[958]: +---[RSA 2048]----+
[   45.503341] cloud-init[958]: |        .+..  =XO|
[   45.512079] cloud-init[958]: |        o ...o=**|
[   45.519608] cloud-init[958]: |         . +ooE.*|
[   45.529436] cloud-init[958]: |          + oo +.|
[   45.535761] cloud-init[958]: |      o S. .. o.+|
[   45.540198] cloud-init[958]: |     . o o . o.+o|
[   45.577959] cloud-init[958]: |          o .o+. |
[   45.587906] [[0;32m  OK  [0m] Started Initial cloud-init job (metadata service crawler).
[[0;32m  OK  [0m] Reached target Network is Online.
cloud-init[958]: |              +.*|
[[0;32m  OK  [0m] Reached target Remote File Systems (Pre).
[   45.690613] cloud-init[958]: |              oOo|
[   45.737381] cloud-init[958]: +----[SHA256]-----+
[   45.741032] cloud-init[958]: Generating public/private dsa key pair.
[   45.783406] cloud-init[958]: Your identification has been saved in /etc/ssh/ssh_host_dsa_key.
[   45.788196] cloud-init[958]: Your public key has been saved in /etc/ssh/ssh_host_dsa_key.pub.
[[0;32m  OK  [0m] Reached target Remote File Systems.
[   45.799566] cloud-init[958]: The key fingerprint is:
[   45.841616] cloud-init[958]: SHA256:WqHdyQ2+dLHg1UkjVDV5hCTMzLY9lwjq94kR/AXUbY4 root@ubuntu-bionic
         Starting Availability of block devices...
[[0;32m  OK  [0m] Reached target Cloud-config availability.
[[0;32m  OK  [0m] Reached target System Initialization.
[[0;32m  OK  [0m] Listening on cloud-init hotplug hook socket.
[   45.930521] cloud-init[958]: The key's randomart image is:
[   46.021652] cloud-init[958]: +---[DSA 1024]----+
[   46.044036] cloud-init[958]: |           *=+*==|
[   46.044139] cloud-init[958]: |           .**.==|
[   46.044203] cloud-init[958]: |        . =.+o=+o|
[   46.044260] cloud-init[958]: |       o B O.+Eoo|
[   46.044308] cloud-init[958]: |      . S B * .o |
[   46.044356] cloud-init[958]: |       o o = .   |
[   46.044406] cloud-init[958]: |      .   o + .  |
[   46.044454] cloud-init[958]: |           . o   |
[   46.045374] cloud-init[958]: |                 |
[   46.045429] cloud-init[958]: +----[SHA256]-----+
[   46.045473] cloud-init[958]: Generating public/private ecdsa key pair.
[   46.045527] cloud-init[958]: Your identification has been saved in /etc/ssh/ssh_host_ecdsa_key.
[   46.046150] cloud-init[958]: Your public key has been saved in /etc/ssh/ssh_host_ecdsa_key.pub.
[   46.046202] cloud-init[958]: The key fingerprint is:
[   46.046247] cloud-init[958]: SHA256:Blr1d8Hy0RYpVJ+oaVdeFvhT7G3bZe4pl2MEGAHOOWQ root@ubuntu-bionic
[   46.046293] cloud-init[958]: The key's randomart image is:
[   46.046336] cloud-init[958]: +---[ECDSA 256]---+
[   46.046385] cloud-init[958]: |        .E..oo+*o|
[   46.046431] cloud-init[958]: |       .=....o+oO|
[   46.046487] cloud-init[958]: |      o  =. +++**|
[   46.046534] cloud-init[958]: |     o .  .ooo++B|
[   46.046578] cloud-init[958]: |    .   S  + ..==|
[   46.054978] cloud-init[958]: |       .  . .  oo|
[   46.080856] cloud-init[958]: |              ..o|
[   46.080953] cloud-init[958]: |             . *.|
[   46.081006] cloud-init[958]: |              + .|
[   46.081056] cloud-init[958]: +----[SHA256]-----+
[   46.081100] cloud-init[958]: Generating public/private ed25519 key pair.
[   46.081155] cloud-init[958]: Your identification has been saved in /etc/ssh/ssh_host_ed25519_key.
[   46.081203] cloud-init[958]: Your public key has been saved in /etc/ssh/ssh_host_ed25519_key.pub.
[   46.081250] cloud-init[958]: The key fingerprint is:
[   46.081294] cloud-init[958]: SHA256:V/msXHCqZrU5dIFuDVvHaZJRb82boH1h7owOPn9gkiM root@ubuntu-bionic
[   46.081337] cloud-init[958]: The key's randomart image is:
[   46.081379] cloud-init[958]: +--[ED25519 256]--+
[   46.081421] cloud-init[958]: |             ... |
[   46.083312] cloud-init[958]: |             ooo+|
[   46.083478] cloud-init[958]: |            *++=B|
[   46.083537] cloud-init[958]: |           oo@*++|
[   46.083582] cloud-init[958]: |        S ..O.*= |
[   46.083630] cloud-init[958]: |         E X O=  |
[   46.083673] cloud-init[958]: |          =.X..o |
[   46.083725] cloud-init[958]: |         o..o. . |
[[0;32m  OK  [0m] Started Ubuntu Advantage Timer for running repeated jobs.
[   46.096626] [cloud-init[0;32m  OK  [0m[958]: ] |           .oo.  |
Started Message of the Day.
[   46.540937] [cloud-init[0;32m  OK  [0m[958]: ] +----[SHA256]-----+Listening on Open-iSCSI iscsid Socket.

[[0;32m  OK  [0m] Started Discard unused blocks once a week.
[[0;32m  OK  [0m] Listening on UUID daemon activation socket.
         Starting Socket activation for snappy daemon.
[[0;32m  OK  [0m] Listening on ACPID Listen Socket.
[[0;32m  OK  [0m] Started Daily apt download activities.
[[0;32m  OK  [0m] Started Daily apt upgrade and clean activities.
[[0;32m  OK  [0m] Started Daily Cleanup of Temporary Directories.
         Starting LXD - unix socket.
[[0;32m  OK  [0m] Reached target Timers.
[[0;32m  OK  [0m] Listening on D-Bus System Message Bus Socket.
[[0;32m  OK  [0m] Started ACPI Events Check.
[[0;32m  OK  [0m] Reached target Paths.
[[0;32m  OK  [0m] Started Availability of block devices.
[[0;32m  OK  [0m] Listening on Socket activation for snappy daemon.
[[0;32m  OK  [0m] Listening on LXD - unix socket.
[[0;32m  OK  [0m] Reached target Sockets.
[[0;32m  OK  [0m] Reached target Basic System.
[[0;32m  OK  [0m] Started Regular background program processing daemon.
         Starting Virtualbox guest utils...
         Starting Accounts Service...
[[0;32m  OK  [0m] Started D-Bus System Message Bus.
         Starting Dispatcher daemon for systemd-networkd...
[[0;32m  OK  [0m] Started Deferred execution scheduler.
[[0;32m  OK  [0m] Started irqbalance daemon.
[[0;32m  OK  [0m] Started FUSE filesystem for LXC.
         Starting Login Service...
         Starting LXD - container startup/shutdown...
         Starting Pollinate to seed the pseudo random number generator...
         Starting Permit User Sessions...
         Starting LSB: automatic crash report generation...
[[0;32m  OK  [0m] Reached target Login Prompts (Pre).
         Starting LSB: Record successful boot for GRUB...
         Starting System Logging Service...
         Starting Snap Daemon...
[[0;32m  OK  [0m] Started Permit User Sessions.
[[0;32m  OK  [0m] Started System Logging Service.
[[0;32m  OK  [0m] Started Login Service.
[[0;32m  OK  [0m] Started Unattended Upgrades Shutdown.
         Starting Authorization Manager...
         Starting Terminate Plymouth Boot Screen...
         Starting Hold until boot process finishes up...
[[0;32m  OK  [0m] Started Hold until boot process finishes up.
         Starting Set console scheme...
[[0;32m  OK  [0m] Started Serial Getty on ttyS0.
[[0;32m  OK  [0m] Started Terminate Plymouth Boot Screen.
[[0;32m  OK  [0m] Started LSB: automatic crash report generation.
[[0;32m  OK  [0m] Started Authorization Manager.
[[0;32m  OK  [0m] Started Accounts Service.
[[0;32m  OK  [0m] Started Set console scheme.
[[0;32m  OK  [0m] Created slice system-getty.slice.
[[0;32m  OK  [0m] Started Getty on tty1.
[[0;32m  OK  [0m] Reached target Login Prompts.
[[0;32m  OK  [0m] Started LSB: Record successful boot for GRUB.
[[0;32m  OK  [0m] Started Virtualbox guest utils.
[[0;32m  OK  [0m] Started Dispatcher daemon for systemd-networkd.
[[0;32m  OK  [0m] Started LXD - container startup/shutdown.

Ubuntu 18.04.6 LTS ubuntu-bionic ttyS0

ubuntu-bionic login: [   72.023265] cloud-init[1459]: Cloud-init v. 22.4.2-0ubuntu0~18.04.1 running 'modules:config' at Mon, 26 Dec 2022 17:52:17 +0000. Up 63.61 seconds.
ci-info: no authorized SSH keys fingerprints found for user ubuntu.
<14>Dec 26 17:52:41 cloud-init: #############################################################
<14>Dec 26 17:52:41 cloud-init: -----BEGIN SSH HOST KEY FINGERPRINTS-----
<14>Dec 26 17:52:41 cloud-init: 1024 SHA256:WqHdyQ2+dLHg1UkjVDV5hCTMzLY9lwjq94kR/AXUbY4 root@ubuntu-bionic (DSA)
<14>Dec 26 17:52:41 cloud-init: 256 SHA256:Blr1d8Hy0RYpVJ+oaVdeFvhT7G3bZe4pl2MEGAHOOWQ root@ubuntu-bionic (ECDSA)
<14>Dec 26 17:52:41 cloud-init: 256 SHA256:V/msXHCqZrU5dIFuDVvHaZJRb82boH1h7owOPn9gkiM root@ubuntu-bionic (ED25519)
<14>Dec 26 17:52:41 cloud-init: 2048 SHA256:YvfctQnB30ftumcn5HvLEcXUJNbhRIeKNg2QU31R9sg root@ubuntu-bionic (RSA)
<14>Dec 26 17:52:41 cloud-init: -----END SSH HOST KEY FINGERPRINTS-----
<14>Dec 26 17:52:41 cloud-init: #############################################################
-----BEGIN SSH HOST KEY KEYS-----
ecdsa-sha2-nistp256 AAAAE2VjZHNhLXNoYTItbmlzdHAyNTYAAAAIbmlzdHAyNTYAAABBBPMdyVts1+5ZwpFqLh87/ySG75uk3kQpyEujT0hO5syBdK2JBSdAniX8vBe2RnYmfLk43BRl9Ar3ziIAvjT3AHc= root@ubuntu-bionic
ssh-ed25519 AAAAC3NzaC1lZDI1NTE5AAAAIJzMo6gIkZn6SbcuCgH2ugb55f3uDu2w/0NkuvekHMQE root@ubuntu-bionic
ssh-rsa AAAAB3NzaC1yc2EAAAADAQABAAABAQDCanVm+R/UpFF6MgC0H8uvi4i36Ix1ENqVIyV2TwsG1h8g4Dvt5Kg+9NDvSinWoIShwdJ7oiwwVLf2NxkktUMyoejhw4DAt1Wqbyx5+d9NsuTfOyr50QHlI73x+FrCkpX5BEJG+AOFA6i1N8KHe2er4kR1I0cyWc8sFAKznxp7h9ZzJ9RYUV54XdUhzY3+oCBX+CI1gqsoorBmwDckMVEAHA6IuizUBbJ4+l3HRbM8lAjUVsBt1lVejmb2v7H0rOGOZKpLWsYQ+/G4Tk2yG+fmMp0PinY4iDDCM0dU1NcMvXVBy80Hf9C7x0FJWoXnVw3uvM5vBq0ygknAp/zDxphv root@ubuntu-bionic
-----END SSH HOST KEY KEYS-----
[   87.584397] cloud-init[1655]: Cloud-init v. 22.4.2-0ubuntu0~18.04.1 running 'modules:final' at Mon, 26 Dec 2022 17:52:36 +0000. Up 83.20 seconds.
[   87.584553] cloud-init[1655]: Cloud-init v. 22.4.2-0ubuntu0~18.04.1 finished at Mon, 26 Dec 2022 17:52:41 +0000. Datasource DataSourceNoCloud [seed=/dev/sdb][dsmode=net].  Up 87.54 seconds
